{"tables": 307, "unowned_tables": ["workmanship_craft_bop_factories", "workmanship_proj_desktop_operations"], "violations": 56, "new_violations": 56, "resolved_baseline_items": 0, "missing_review_dispositions": ["boundary:11dc5a8608ea7ad14e41", "boundary:13cb7f93047089cbeb51", "boundary:2010e22f056ed166dbf4", "boundary:24c5c9cfa710201cd20c", "boundary:2522c429a4521e5450ee", "boundary:259839e7776381681354", "boundary:2783a95656725ce198e8", "boundary:2862cc64ec72b7b05844", "boundary:2b5708de0c9e77e184d5", "boundary:339712b5e7afe1fe6bed", "boundary:36d5e6eee85edf3cc58c", "boundary:4a1db741d7c41477c3e8", "boundary:4b63ef1b1df945b1da39", "boundary:4e656404e0cf3633fcac", "boundary:52543ccd0a3b24a0996a", "boundary:599d87c448565bf4397a", "boundary:5b5016db3fd2897ee0cb", "boundary:5e94c90008bfb566844f", "boundary:61045bbe8530948f8149", "boundary:63a78f9c1474037d3f5f", "boundary:6651ce909fdbfda4d377", "boundary:6c9f4a28643d2c116faf", "boundary:7208ca0fb3cc8c04ae19", "boundary:74b9ce4bcaaf5780f1f8", "boundary:7776c2d192258b89b142", "boundary:794c6608497fefdbdd66", "boundary:79d9640af628c5a8b97e", "boundary:7b86e4c90d835ca2c381", "boundary:7c2e23b5f4e9affe8176", "boundary:7e7e85ccf7625904041a", "boundary:83eaf7fab91a8abe5319", "boundary:a6cd2bece21540df407b", "boundary:a9349b2f6be55149eb71", "boundary:b3414521a18fe0276f4e", "boundary:b60d8d319233d500d613", "boundary:b7ce2ebe532be56ccc4e", "boundary:c4011e742549d678308b", "boundary:cdcaff0e2b9087a9155f", "boundary:d31ef1e0bb357af9f082", "boundary:d3e1c0676aa3df848a38", "boundary:da4ad3a0d920df3e8c53", "boundary:deca91854697e223c655", "boundary:e647a2d963b3b5349969", "boundary:e7131f2c51395f3ba83b", "boundary:ed021dcb168dcf0724da", "boundary:edac78c4724afff6d1d2", "boundary:ee38895d8f6193e9066d", "boundary:ef37535abbb29f735c68", "boundary:efe94471f8ff6c81a7a8", "boundary:f032b1241422110c8620", "boundary:f2921e5e224f3f66018a", "boundary:f7d9a147eb47ec5ed2db", "boundary:f9c3e4199ff44b82a338", "boundary:fb41dc1e7ae14b3ac525", "boundary:fc6dc79a3098d9592e7e", "boundary:fffddcd201bc90fce493"], "duplicate_review_dispositions": []}
NEW cross_domain_sql backend/scripts/migrate_connector_to_simulation.py:<module> -> workmanship_device_connector_health: base SQL accesses device-owned table workmanship_device_connector_health
NEW cross_domain_sql backend/scripts/migrate_connector_to_simulation.py:<module> -> workmanship_device_connector_heartbeat_audit: base SQL accesses device-owned table workmanship_device_connector_heartbeat_audit
NEW cross_domain_sql backend/scripts/migrate_connector_to_simulation.py:<module> -> workmanship_device_connector_plans: base SQL accesses device-owned table workmanship_device_connector_plans
NEW cross_domain_sql backend/scripts/migrate_connector_to_simulation.py:<module> -> workmanship_device_connector_projection_outbox: base SQL accesses device-owned table workmanship_device_connector_projection_outbox
NEW cross_domain_sql backend/scripts/migrate_connector_to_simulation.py:<module> -> workmanship_runtime_commands: base SQL accesses device-owned table workmanship_runtime_commands
NEW cross_domain_sql backend/scripts/migrate_connector_to_simulation.py:<module> -> workmanship_runtime_devices: base SQL accesses device-owned table workmanship_runtime_devices
NEW cross_domain_sql backend/scripts/migrate_connector_to_simulation.py:<module> -> workmanship_runtime_enrollments: base SQL accesses device-owned table workmanship_runtime_enrollments
NEW cross_domain_sql backend/scripts/migrate_connector_to_simulation.py:<module> -> workmanship_sim_connector_bindings: base SQL accesses simulation-owned table workmanship_sim_connector_bindings
NEW cross_domain_sql backend/scripts/migrate_connector_to_simulation.py:<module> -> workmanship_sim_connector_enrollments: base SQL accesses simulation-owned table workmanship_sim_connector_enrollments
NEW cross_domain_sql backend/scripts/migrate_connector_to_simulation.py:<module> -> workmanship_sim_connector_health: base SQL accesses simulation-owned table workmanship_sim_connector_health
NEW cross_domain_sql backend/scripts/migrate_connector_to_simulation.py:<module> -> workmanship_sim_connector_heartbeat_audit: base SQL accesses simulation-owned table workmanship_sim_connector_heartbeat_audit
NEW cross_domain_sql backend/scripts/migrate_connector_to_simulation.py:<module> -> workmanship_sim_connector_legacy_commands: base SQL accesses simulation-owned table workmanship_sim_connector_legacy_commands
NEW cross_domain_sql backend/scripts/migrate_connector_to_simulation.py:<module> -> workmanship_sim_connector_plans: base SQL accesses simulation-owned table workmanship_sim_connector_plans
NEW cross_domain_sql backend/scripts/migrate_connector_to_simulation.py:<module> -> workmanship_sim_connector_projection_outbox: base SQL accesses simulation-owned table workmanship_sim_connector_projection_outbox
NEW cross_domain_sql backend/scripts/migrate_connector_to_simulation.py:_target_rows -> workmanship_sim_connector_projection_outbox: base SQL accesses simulation-owned table workmanship_sim_connector_projection_outbox
NEW internal_import backend/knowledge/data/connection.py:<module> -> backend.db.prefixed_cursor: knowledge imports base internal module backend.db.prefixed_cursor
NEW internal_import backend/knowledge/data/connection.py:<module> -> backend.db.table_prefix: knowledge imports base internal module backend.db.table_prefix
NEW internal_import backend/scripts/bootstrap_ontology_release.py:main -> backend.db.table_prefix: ontology imports base internal module backend.db.table_prefix
NEW unowned_table .tmp-test-app-baseline-full/test_acceptance_allows_distinc0/acceptance-provenance/plugins/craft/migrations/0001_factory.sql:<sql> -> workmanship_craft_bop_factories: no owner registered
NEW unowned_table .tmp-test-app-baseline-full/test_acceptance_allows_distinc0/acceptance-provenance/plugins/craft/schema/0002_factory_schema.sql:<sql> -> workmanship_craft_bop_factories: no owner registered
NEW unowned_table .tmp-test-app-baseline-full/test_acceptance_canonicalizes_0/acceptance-provenance/plugins/craft/migrations/0001_factory.sql:<sql> -> workmanship_craft_bop_factories: no owner registered
NEW unowned_table .tmp-test-app-baseline-full/test_acceptance_canonicalizes_0/acceptance-provenance/plugins/craft/schema/0002_factory_schema.sql:<sql> -> workmanship_craft_bop_factories: no owner registered
NEW unowned_table .tmp-test-app-baseline-full/test_acceptance_canonicalizes_1/acceptance-provenance/plugins/craft/migrations/0001_factory.sql:<sql> -> workmanship_craft_bop_factories: no owner registered
NEW unowned_table .tmp-test-app-baseline-full/test_acceptance_canonicalizes_1/acceptance-provenance/plugins/craft/schema/0002_factory_schema.sql:<sql> -> workmanship_craft_bop_factories: no owner registered
NEW unowned_table .tmp-test-app-baseline-full/test_acceptance_canonicalizes_2/acceptance-provenance/plugins/craft/migrations/0001_factory.sql:<sql> -> workmanship_craft_bop_factories: no owner registered
NEW unowned_table .tmp-test-app-baseline-full/test_acceptance_canonicalizes_2/acceptance-provenance/plugins/craft/schema/0002_factory_schema.sql:<sql> -> workmanship_craft_bop_factories: no owner registered
NEW unowned_table .tmp-test-app-baseline-full/test_acceptance_manifest_and_s0/acceptance-provenance/plugins/craft/migrations/0001_factory.sql:<sql> -> workmanship_craft_bop_factories: no owner registered
NEW unowned_table .tmp-test-app-baseline-full/test_acceptance_manifest_and_s0/acceptance-provenance/plugins/craft/schema/0002_factory_schema.sql:<sql> -> workmanship_craft_bop_factories: no owner registered
NEW unowned_table .tmp-test-app-baseline-full/test_acceptance_manifest_and_s1/acceptance-provenance/plugins/craft/migrations/0001_factory.sql:<sql> -> workmanship_craft_bop_factories: no owner registered
NEW unowned_table .tmp-test-app-baseline-full/test_acceptance_manifest_and_s1/acceptance-provenance/plugins/craft/schema/0002_factory_schema.sql:<sql> -> workmanship_craft_bop_factories: no owner registered
NEW unowned_table .tmp-test-app-baseline-full/test_acceptance_manifest_and_s2/acceptance-provenance/plugins/craft/migrations/0001_factory.sql:<sql> -> workmanship_craft_bop_factories: no owner registered
NEW unowned_table .tmp-test-app-baseline-full/test_acceptance_manifest_and_s2/acceptance-provenance/plugins/craft/schema/0002_factory_schema.sql:<sql> -> workmanship_craft_bop_factories: no owner registered
NEW unowned_table .tmp-test-app-baseline-full/test_acceptance_manifest_and_s3/acceptance-provenance/plugins/craft/migrations/0001_factory.sql:<sql> -> workmanship_craft_bop_factories: no owner registered
NEW unowned_table .tmp-test-app-baseline-full/test_acceptance_manifest_and_s3/acceptance-provenance/plugins/craft/schema/0002_factory_schema.sql:<sql> -> workmanship_craft_bop_factories: no owner registered
NEW unowned_table .tmp-test-app-baseline-full/test_acceptance_manifest_rejec0/acceptance-provenance/plugins/craft/migrations/0001_factory.sql:<sql> -> workmanship_craft_bop_factories: no owner registered
NEW unowned_table .tmp-test-app-baseline-full/test_acceptance_manifest_rejec0/acceptance-provenance/plugins/craft/schema/0002_factory_schema.sql:<sql> -> workmanship_craft_bop_factories: no owner registered
NEW unowned_table .tmp-test-app-baseline-full/test_acceptance_rejects_duplic0/acceptance-provenance/plugins/craft/migrations/0001_factory.sql:<sql> -> workmanship_craft_bop_factories: no owner registered
NEW unowned_table .tmp-test-app-baseline-full/test_acceptance_rejects_duplic0/acceptance-provenance/plugins/craft/schema/0002_factory_schema.sql:<sql> -> workmanship_craft_bop_factories: no owner registered
NEW unowned_table .tmp-test-app-baseline-full/test_acceptance_rejects_duplic1/acceptance-provenance/plugins/craft/migrations/0001_factory.sql:<sql> -> workmanship_craft_bop_factories: no owner registered
NEW unowned_table .tmp-test-app-baseline-full/test_acceptance_rejects_duplic1/acceptance-provenance/plugins/craft/schema/0002_factory_schema.sql:<sql> -> workmanship_craft_bop_factories: no owner registered
NEW unowned_table .tmp-test-app-baseline-full/test_acceptance_rejects_duplic2/acceptance-provenance/plugins/craft/migrations/0001_factory.sql:<sql> -> workmanship_craft_bop_factories: no owner registered
NEW unowned_table .tmp-test-app-baseline-full/test_acceptance_rejects_duplic2/acceptance-provenance/plugins/craft/schema/0002_factory_schema.sql:<sql> -> workmanship_craft_bop_factories: no owner registered
NEW unowned_table .tmp-test-app-baseline-full/test_acceptance_rejects_duplic3/acceptance-provenance/plugins/craft/migrations/0001_factory.sql:<sql> -> workmanship_craft_bop_factories: no owner registered
NEW unowned_table .tmp-test-app-baseline-full/test_acceptance_rejects_duplic3/acceptance-provenance/plugins/craft/schema/0002_factory_schema.sql:<sql> -> workmanship_craft_bop_factories: no owner registered
NEW unowned_table .tmp-test-app-baseline-full/test_acceptance_source_mutatio0/acceptance-provenance/plugins/craft/migrations/0001_factory.sql:<sql> -> workmanship_craft_bop_factories: no owner registered
NEW unowned_table .tmp-test-app-baseline-full/test_acceptance_source_mutatio0/acceptance-provenance/plugins/craft/schema/0002_factory_schema.sql:<sql> -> workmanship_craft_bop_factories: no owner registered
NEW unowned_table .tmp-test-app-baseline-full/test_acceptance_source_rejects0/acceptance-provenance/plugins/craft/migrations/0001_factory.sql:<sql> -> workmanship_craft_bop_factories: no owner registered
NEW unowned_table .tmp-test-app-baseline-full/test_acceptance_source_rejects0/acceptance-provenance/plugins/craft/schema/0002_factory_schema.sql:<sql> -> workmanship_craft_bop_factories: no owner registered
NEW unowned_table .tmp-test-app-baseline-full/test_acceptance_source_rejects1/acceptance-provenance/plugins/craft/migrations/0001_factory.sql:<sql> -> workmanship_craft_bop_factories: no owner registered
NEW unowned_table .tmp-test-app-baseline-full/test_acceptance_source_rejects1/acceptance-provenance/plugins/craft/schema/0002_factory_schema.sql:<sql> -> workmanship_craft_bop_factories: no owner registered
NEW unowned_table .tmp-test-app-baseline-full/test_scanner_discovery_include0/acceptance-provenance/plugins/craft/migrations/0001_factory.sql:<sql> -> workmanship_craft_bop_factories: no owner registered
NEW unowned_table .tmp-test-app-baseline-full/test_scanner_discovery_include0/acceptance-provenance/plugins/craft/schema/0002_factory_schema.sql:<sql> -> workmanship_craft_bop_factories: no owner registered
NEW unowned_table .tmp-test-app-baseline-full/test_untracked_acceptance_sour0/acceptance-provenance/plugins/craft/migrations/0001_factory.sql:<sql> -> workmanship_craft_bop_factories: no owner registered
NEW unowned_table .tmp-test-app-baseline-full/test_untracked_acceptance_sour0/acceptance-provenance/plugins/craft/schema/0002_factory_schema.sql:<sql> -> workmanship_craft_bop_factories: no owner registered
NEW unowned_table backend/db/migrations/domains/project_management/0003_desktop_operations.sql:<sql> -> workmanship_proj_desktop_operations: no owner registered
NEW unowned_table plugins/project_management/project_management_backend/infrastructure/desktop_repository.py:transaction -> workmanship_proj_desktop_operations: no owner registered for workmanship_proj_desktop_operations
